---
source: crates/rongroi-collectors/tests/report_snapshot.rs
expression: view
---
{
  "mode": "self",
  "header": {
    "schema_version": 1,
    "provenance": {
      "official": false,
      "version": "0.0.0-test",
      "commit": null,
      "exe_sha256": null
    },
    "rules_bundle": {
      "schema_version": 1,
      "sha256": "[bundle sha256]",
      "rule_count": 4
    },
    "platform": "windows",
    "os_build": "26100",
    "elevated": false,
    "generated_at": "2026-01-01T00:00:00Z"
  },
  "evidence": [
    {
      "rule_id": "7c1f3a52-9d4e-4b8a-a6f2-3e5d9b0c41e7",
      "collector": "posture",
      "strength": "posture",
      "state": "found",
      "observations": [
        {
          "collector": "posture",
          "fields": {
            "hvci": "enabled",
            "secure_boot": "disabled",
            "test_signing": "disabled",
            "tpm": "present",
            "tpm_spec_version": "2.0"
          }
        }
      ]
    },
    {
      "rule_id": "75162c70-a6d1-47ec-94af-be25184d5ece",
      "collector": "posture",
      "strength": "posture",
      "state": "not_found",
      "retention": "Current setting only. It says nothing about how the PC was configured in the past."
    },
    {
      "rule_id": "8458638a-04fd-4bbf-910a-c4dd9bbe36bb",
      "collector": "posture",
      "strength": "posture",
      "state": "not_found",
      "retention": "Current setting only. It says nothing about how the PC was configured in the past."
    },
    {
      "rule_id": "66d513b5-fe61-415a-9385-9d01f85c3ef5",
      "collector": "posture",
      "strength": "context",
      "state": "not_found",
      "retention": "Current hardware state only. It says nothing about earlier hardware or firmware settings."
    }
  ],
  "own_traces": [],
  "unmatched": [],
  "scope": {
    "not_admin": 0,
    "not_attempted": 0
  },
  "hidden": {
    "not_found": 0,
    "unmeasured_expected": 0,
    "unmeasured_unexpected": 0,
    "unmatched": 0
  }
}
