---
source: crates/rongroi-collectors/tests/report_snapshot.rs
expression: view
---
{
  "mode": "ss",
  "header": {
    "schema_version": 1,
    "provenance": {
      "official": false,
      "version": "0.0.0-test",
      "commit": null,
      "exe_sha256": null
    },
    "rules_bundle": {
      "schema_version": 2,
      "sha256": "[bundle sha256]",
      "rule_count": 18
    },
    "platform": "windows",
    "os_build": "26100",
    "elevated": false,
    "generated_at": "2026-01-01T00:00:00Z",
    "boot_time": {
      "state": "unmeasured",
      "reason": "read_failed"
    }
  },
  "evidence": [
    {
      "rule_id": "f4c99b57-02c8-4e53-82d0-dba8bdc13dda",
      "collector": "evtx",
      "strength": "tamper",
      "state": "unmeasured",
      "reason": "read_failed",
      "expected": false
    },
    {
      "rule_id": "ff967b28-984b-4de0-b361-58367ae0c2d5",
      "collector": "evtx",
      "strength": "tamper",
      "state": "unmeasured",
      "reason": "read_failed",
      "expected": false
    },
    {
      "rule_id": "9b318bfa-805d-4edd-81f1-602b57639a69",
      "collector": "evtx",
      "strength": "tamper",
      "state": "unmeasured",
      "reason": "read_failed",
      "expected": false
    },
    {
      "rule_id": "87a53c8f-b0e4-477d-91e7-93b904ba965f",
      "collector": "evtx",
      "strength": "tamper",
      "state": "unmeasured",
      "reason": "read_failed",
      "expected": false
    },
    {
      "rule_id": "061797d3-161d-4783-89e6-caf658973436",
      "collector": "fivem_dir",
      "strength": "presence",
      "state": "found",
      "observations": [
        {
          "collector": "fivem_dir",
          "fields": {
            "location": "plugins",
            "path": "%USERPROFILE%\\AppData\\Local\\FiveM\\FiveM.app\\plugins\\example-plugin.dll",
            "sha256": "e3b0c44298fc1c149afbf4c8996fb92427ae41e4649b934ca495991b7852b855",
            "signature": "no_embedded_signature"
          }
        }
      ]
    },
    {
      "rule_id": "282115fe-863d-4e2e-9cf5-4eaf8e7545e4",
      "collector": "fivem_dir",
      "strength": "context",
      "state": "found",
      "observations": [
        {
          "collector": "fivem_dir",
          "fields": {
            "location": "plugins",
            "path": "%USERPROFILE%\\AppData\\Local\\FiveM\\FiveM.app\\plugins\\unreadable-plugin.dll"
          }
        }
      ]
    },
    {
      "rule_id": "75162c70-a6d1-47ec-94af-be25184d5ece",
      "collector": "posture",
      "strength": "posture",
      "state": "unmeasured",
      "reason": "read_failed",
      "expected": false
    },
    {
      "rule_id": "88eb2aca-a33e-414d-bd0f-cfb87af95a2d",
      "collector": "posture",
      "strength": "posture",
      "state": "not_found",
      "retention": "Current setting only. It says nothing about how the PC was configured in the past."
    },
    {
      "rule_id": "66d513b5-fe61-415a-9385-9d01f85c3ef5",
      "collector": "posture",
      "strength": "context",
      "state": "unmeasured",
      "reason": "read_failed",
      "expected": false
    },
    {
      "rule_id": "7d493537-7ecf-4f97-90a0-119e079d30d2",
      "collector": "prefetch",
      "strength": "tamper",
      "state": "unmeasured",
      "reason": "read_failed",
      "expected": false
    }
  ],
  "own_traces": [],
  "unmatched": [],
  "scope": {
    "not_admin": 0,
    "not_attempted": 0
  },
  "hidden": {
    "not_found": 5,
    "unmeasured_expected": 3,
    "unmeasured_unexpected": 0,
    "unmatched": 3
  }
}
