---
source: crates/rongroi-collectors/tests/report_snapshot.rs
expression: view
---
{
  "mode": "ss",
  "header": {
    "schema_version": 1,
    "provenance": {
      "official": false,
      "version": "0.0.0-test",
      "commit": null,
      "exe_sha256": null
    },
    "rules_bundle": {
      "schema_version": 1,
      "sha256": "[bundle sha256]",
      "rule_count": 4
    },
    "platform": "windows",
    "os_build": "26100",
    "elevated": false,
    "generated_at": "2026-01-01T00:00:00Z"
  },
  "evidence": [],
  "own_traces": [],
  "unmatched": [],
  "scope": {
    "not_admin": 0
  },
  "hidden": {
    "not_found": 0,
    "unmeasured_expected": 4,
    "unmeasured_unexpected": 0,
    "unmatched": 6
  }
}
